[backblue.gif]
[fade.gif]
[index.html]
[www.abhishekmondal.branded.me/shared/img/favicon.png]
[s3.amazonaws.com/branded.me/gallery/architecture/8.jpg]
[s3.amazonaws.com/branded.me/gallery/architecture/1.jpg]
[s3.amazonaws.com/branded.me/gallery/architecture/19.jpg]
[www.abhishekmondal.branded.me/shared/img/blank/education-image.png]
[s3.amazonaws.com/branded.me/gallery/architecture/2.jpg]
[s3.amazonaws.com/branded.me/gallery/architecture/6.jpg]
[s3.amazonaws.com/branded.me/gallery/architecture/9.jpg]
[s3.amazonaws.com/branded.me/gallery/architecture/17.jpg]
[www.abhishekmondal.branded.me/shared/img/success.png]
[www.abhishekmondal.branded.me/shared/img/close.png]
[www.abhishekmondal.branded.me/shared/img/error.png]
[www.google-analytics.com/analytics.js]
[ajax.googleapis.com/ajax/libs/jquery/1.11.1/jquery.min.js]
[www.abhishekmondal.branded.me/index.html]
[www.abhishekmondal.branded.me/shared/themes/reset.css]
[www.abhishekmondal.branded.me/shared/themes/clearfix.css]
[www.abhishekmondal.branded.me/shared/themes/default/img/icon/continue-dark.png]
[www.abhishekmondal.branded.me/shared/themes/default/img/icon/continue-light.png]
[www.abhishekmondal.branded.me/shared/themes/default/img/icon/close-light.png]
[www.abhishekmondal.branded.me/shared/themes/default/img/icon/close-dark.png]
[www.abhishekmondal.branded.me/shared/themes/default/img/icon/location-dark.png]
[www.abhishekmondal.branded.me/shared/themes/default/img/icon/location-light.png]
[www.abhishekmondal.branded.me/shared/themes/default/img/icon/phone-dark.png]
[www.abhishekmondal.branded.me/shared/themes/default/img/icon/phone-light.png]
[www.abhishekmondal.branded.me/shared/themes/default/img/icon/email-dark.png]
[www.abhishekmondal.branded.me/shared/themes/default/img/icon/email-light.png]
[www.abhishekmondal.branded.me/shared/themes/default/img/icon/behance-dark.png]
[www.abhishekmondal.branded.me/shared/themes/default/img/icon/behance-light.png]
[www.abhishekmondal.branded.me/shared/themes/default/img/icon/dribbble-dark.png]
[www.abhishekmondal.branded.me/shared/themes/default/img/icon/dribbble-light.png]
[www.abhishekmondal.branded.me/shared/themes/default/img/icon/github-dark.png]
[www.abhishekmondal.branded.me/shared/themes/default/img/icon/github-light.png]
[www.abhishekmondal.branded.me/shared/themes/default/img/icon/facebook-dark.png]
[www.abhishekmondal.branded.me/shared/themes/default/img/icon/facebook-light.png]
[www.abhishekmondal.branded.me/shared/themes/default/img/icon/twitter-dark.png]
[www.abhishekmondal.branded.me/shared/themes/default/img/icon/twitter-light.png]
[www.abhishekmondal.branded.me/shared/themes/default/img/icon/linkedin-dark.png]
[www.abhishekmondal.branded.me/shared/themes/default/img/icon/linkedin-light.png]
[www.abhishekmondal.branded.me/shared/themes/default/img/icon/googleplus-dark.png]
[www.abhishekmondal.branded.me/shared/themes/default/img/icon/googleplus-light.png]
[www.abhishekmondal.branded.me/shared/themes/default/img/icon/youtube-dark.png]
[www.abhishekmondal.branded.me/shared/themes/default/img/icon/youtube-light.png]
[www.abhishekmondal.branded.me/shared/themes/default/img/icon/tumblr-dark.png]
[www.abhishekmondal.branded.me/shared/themes/default/img/icon/tumblr-light.png]
[www.abhishekmondal.branded.me/shared/themes/default/img/watermark.png]
[www.abhishekmondal.branded.me/shared/themes/default/img/icon/prev-dark.png]
[www.abhishekmondal.branded.me/shared/themes/default/img/icon/next-dark.png]
[www.abhishekmondal.branded.me/shared/themes/default/img/icon/prev-light.png]
[www.abhishekmondal.branded.me/shared/themes/default/img/icon/next-light.png]
[www.abhishekmondal.branded.me/shared/themes/default/css/core/style.css]
[www.abhishekmondal.branded.me/shared/themes/default/img/icon/menu-light.png]
[www.abhishekmondal.branded.me/shared/themes/default/css/core/mobile.css]
[www.abhishekmondal.branded.me/shared/themes/default/css/scheme/default.css]
[www.abhishekmondal.branded.me/None.html]
[www.abhishekmondal.branded.me/api.branded.html]
[www.abhishekmondal.branded.me/branded.html]
[www.abhishekmondal.branded.me/shared/scripts/contact.js]
[www.abhishekmondal.branded.me/shared/scripts/slick.js]
[www.abhishekmondal.branded.me/shared/scripts/scrollTo.js]
[www.abhishekmondal.branded.me/shared/themes/default/js/functions.js]
[www.abhishekmondal.branded.me/shared/themes/default/img/icon/instagram-dark.html]
[www.abhishekmondal.branded.me/shared/themes/default/img/icon/instagram-light.html]
[www.abhishekmondal.branded.me/shared/themes/default/css/core/ajax-loader.html]
[www.abhishekmondal.branded.me/shared/themes/default/css/core/fonts/slick.html]
[www.abhishekmondal.branded.me/shared/themes/default/css/core/fonts/slickd41d.html]
[www.abhishekmondal.branded.me/shared/themes/default/css/core/fonts/slick-2.html]
[www.abhishekmondal.branded.me/shared/themes/default/css/core/fonts/slick-3.html]
[www.abhishekmondal.branded.me/shared/themes/default/css/core/fonts/slick-4.html]
[s3.amazonaws.com/branded.me/gallery/architecture/1.jpg]
